<html>
<body>
<pre>
<h1>µVision Build Log</h1>
<h2>Tool Versions:</h2>
IDE-Version: ¦ÌVision V5.14.0.0
Copyright (C) 2015 ARM Ltd and ARM Germany GmbH. All rights reserved.
License Information: a a, a, LIC=NHYKP-M15YS-TL0CD-8CP7G-FS84X-MBYUR
 
Tool Versions:
Toolchain:       MDK-ARM Professional  Version: 5.14.0.0
Toolchain Path:  D:\keil5\ARM\ARMCC\Bin
C Compiler:      Armcc.exe V5.05 update 1 (build 106)
Assembler:       Armasm.exe V5.05 update 1 (build 106)
Linker/Locator:  ArmLink.exe V5.05 update 1 (build 106)
Library Manager: ArmAr.exe V5.05 update 1 (build 106)
Hex Converter:   FromElf.exe V5.05 update 1 (build 106)
CPU DLL:         SARMCM3.DLL V5.14.0.0
Dialog DLL:      DCM.DLL V1.13.1.0
Target DLL:      CMSIS_AGDI.dll V1.21.0.0
Dialog DLL:      TCM.DLL V1.14.4.0
 
<h2>Project:</h2>
D:\STM32_EXAMPLE\STM32F407VET6\MDK-ARM\STM32F407VET6.uvprojx
Project File Date:  10/10/2020

<h2>Output:</h2>
Build target 'STM32F407VET6'
compiling main.c...
../Src/main.c(122): warning:  #167-D: argument of type "uint8_t *" is incompatible with parameter of type "char *restrict"
                sprintf(tishi_buffer,"ADC result:");
../Src/main.c(124): warning:  #167-D: argument of type "uint8_t *" is incompatible with parameter of type "char *restrict"
                sprintf(ADC_buffer,"%1.3fV ", ad1*3.3f/4096);
../Src/main.c: 2 warnings, 0 errors
linking...
Program Size: Code=10520 RO-data=1976 RW-data=24 ZI-data=1656  
FromELF: creating hex file...
"STM32F407VET6\STM32F407VET6.axf" - 0 Error(s), 2 Warning(s).

<h2>Software Packages used:</h2>

Package Vendor: ARM
                http://www.keil.com/pack/ARM.CMSIS.4.2.0.pack
                ARM::CMSIS:CORE:3.40.0
                CMSIS (Cortex Microcontroller Software Interface Standard)
   * Component: CORE Version: 3.40.0

<h2>Collection of Component include folders:</h2>
  D:\STM32_EXAMPLE\STM32F407VET6\MDK-ARM\RTE
  D:\keil5\ARM\PACK\ARM\CMSIS\4.2.0\CMSIS\Include
  D:\keil5\ARM\PACK\Keil\STM32F4xx_DFP\2.13.0

<h2>Collection of Component Files used:</h2>

   * Component: ARM::CMSIS:CORE:3.40.0
      Source file:   CMSIS\UserCodeTemplates\ARM\ITM_Retarget.c
</pre>
</body>
</html>
